Microchip MPLAB XC8 Compiler V3.10

Linker command line:

-W-3 \
  --edf=C:\Program Files\Microchip\xc8\v3.10\pic\dat\20250813170317_en.msgs \
  -cn -h+dist/default/debug\Projet_final.X.debug.sym \
  --cmf=dist/default/debug\Projet_final.X.debug.cmf -z -Q16F628A \
  -oC:\Users\TANJON~1\AppData\Local\Temp\xcAscag.0\driver_tmp_3.o \
  --defsym=__MPLAB_BUILD=1 --fixupoverflow=error \
  -Mdist/default/debug/Projet_final.X.debug.map \
  --md=C:\Users\TANJON~1\AppData\Local\Temp\xcAscag.0\driver_tmp_0.dat -E1 \
  -ver=XC8 Compiler -ACODE=00h-07FFh -ASTRCODE=00h-07FFh \
  -ASTRING=00h-0FFhx8 -ACONST=00h-0FFhx8 -AENTRY=00h-0FFhx8 \
  -ACOMMON=070h-07Fh -ABANK0=020h-06Fh -ABANK1=0A0h-0EFh \
  -ABANK2=0120h-014Fh -ARAM=020h-06Fh,0A0h-0EFh,0120h-014Fh \
  -AABS1=020h-07Fh,0A0h-0EFh,0120h-014Fh -ASFR0=00h-01Fh -ASFR1=080h-09Fh \
  -ASFR2=0100h-011Fh -ASFR3=0180h-01EFh -ACONFIG=02007h-02007h -DCONFIG=2 \
  -AIDLOC=02000h-02003h -DIDLOC=2 -AEEDATA=00h-07Fh/02100h \
  -peeprom_data=EEDATA -DEEDATA=2 -DCODE=2 -DSTRCODE=2 -DSTRING=2 -DCONST=2 \
  -DENTRY=2 -preset_vec=00h,intentry=04h,sivt,init,end_init -ppowerup=CODE \
  -pcinit=CODE -pfunctab=ENTRY -k \
  C:\Users\TANJON~1\AppData\Local\Temp\xcAscag.0\driver_tmp_12.o \
  dist/default/debug\Projet_final.X.debug.o 

Object code version is 3.11

Machine type is 16F628A



                Name                               Link     Load   Length Selector   Space Scale
C:\Users\TANJON~1\AppData\Local\Temp\xcAscag.0\driver_tmp_12.o
                end_init                              A        A        1        8       0
                reset_vec                             0        0        1        0       0
                config                             2007     2007        1        0       4
dist/default/debug\Projet_final.X.debug.o
                cinit                                 B        B        9        8       0
                intentry                              4        4        6        8       0
                config                             2007     2007        1        0       4
                text5                                DA       DA       21        8       0
                text4                               11B      11B       20        8       0
                text3                                67       67       52        8       0
                text2                                B9       B9       21        8       0
                text1                                FB       FB       20        8       0
                maintext                             14       14       53        8       0
                cstackCOMMON                         70       70        8       70       1
                dataCOMMON                           7D       7D        1       70       1
                bssCOMMON                            78       78        5       70       1
                idataCOMMON                         13B      13B        1        8       0

TOTAL           Name                               Link     Load   Length     Space
        CLASS   CODE           
                end_init                              A        A        1         0
                cinit                                 B        B        9         0
                intentry                              4        4        6         0
                reset_vec                             0        0        1         0
                text5                                DA       DA       21         0
                text4                               11B      11B       20         0
                text3                                67       67       52         0
                text2                                B9       B9       21         0
                text1                                FB       FB       20         0
                maintext                             14       14       53         0
                idataCOMMON                         13B      13B        1         0

        CLASS   STRCODE        

        CLASS   STRING         

        CLASS   CONST          

        CLASS   ENTRY          

        CLASS   COMMON         
                cstackCOMMON                         70       70        8         1
                dataCOMMON                           7D       7D        1         1
                bssCOMMON                            78       78        5         1

        CLASS   BANK0          

        CLASS   BANK1          

        CLASS   BANK2          

        CLASS   RAM            

        CLASS   ABS1           
                abs_s1                               7E       7E        2         1

        CLASS   SFR0           

        CLASS   SFR1           

        CLASS   SFR2           

        CLASS   SFR3           

        CLASS   CONFIG         
                config                             2007     2007        1         4

        CLASS   IDLOC          

        CLASS   EEDATA         

        CLASS   BANK3          

        CLASS   HEAP           

        CLASS   STACK          



SEGMENTS        Name                           Load    Length   Top    Selector   Space  Class     Delta

                reset_vec                      000000  000001  000001         0       0  CODE        2
                intentry                       000004  000138  00013C         8       0  CODE        2
                cstackCOMMON                   000070  00000E  00007E        70       1  COMMON      1


UNUSED ADDRESS RANGES

        Name                Unused          Largest block    Delta
        BANK0            0020-006F             50           1
        BANK1            00A0-00EF             50           1
        BANK2            0120-014F             30           1
        CODE             0001-0003              3           2
                         013C-07FF            6C4
        CONST            0001-0003              3           2
                         013C-07FF            100
        EEDATA           2100-217F             80           2
        ENTRY            0001-0003              3           2
                         013C-07FF            100
        IDLOC            2000-2003              4           2
        RAM              0020-006F             50           1
                         00A0-00EF             50
                         0120-014F             30
        SFR0             0000-001F             20           1
        SFR1             0080-009F             20           1
        SFR2             0100-011F             20           1
        SFR3             0180-01EF             70           1
        STRCODE          0001-0003              3           2
                         013C-07FF            6C4
        STRING           0001-0003              3           2
                         013C-07FF            100

                                  Symbol Table

_CMCON                   (abs)        001F
_GIE                     (abs)        005F
_INTE                    (abs)        005C
_INTF                    (abs)        0059
_OPTION_REGbits          (abs)        0081
_RA0                     (abs)        0028
_RA1                     (abs)        0029
_RB1                     (abs)        0031
_RB2                     (abs)        0032
_RB3                     (abs)        0033
_RB4                     (abs)        0034
_RB5                     (abs)        0035
_T0IE                    (abs)        005D
_T0IF                    (abs)        005A
_TMR0                    (abs)        0001
_TRISAbits               (abs)        0085
_TRISBbits               (abs)        0086
__H__absolute__          __absolute__ 0000
__Habs1                  abs1         0000
__Hbank0                 bank0        0000
__Hbank1                 bank1        0000
__Hbank2                 bank2        0000
__Hbank3                 bank3        0000
__HbssCOMMON             bssCOMMON    0000
__Hcinit                 cinit        0014
__Hclrtext               clrtext      0000
__Hcode                  code         0000
__Hcommon                common       0000
__Hconfig                config       2008
__HcstackCOMMON          cstackCOMMON 0000
__HdataCOMMON            dataCOMMON   0000
__Heeprom_data           eeprom_data  0000
__Hend_init              end_init     000B
__Hfunctab               functab      0000
__Hheap                  heap         0000
__HidataCOMMON           idataCOMMON  0000
__Hinit                  init         000A
__Hintentry              intentry     000A
__Hmaintext              maintext     0000
__Hpowerup               powerup      0000
__Hram                   ram          0000
__Hreset_vec             reset_vec    0001
__Hsfr0                  sfr0         0000
__Hsfr1                  sfr1         0000
__Hsfr2                  sfr2         0000
__Hsfr3                  sfr3         0000
__Hsivt                  sivt         000A
__Hspace_0               (abs)        013C
__Hspace_1               (abs)        007E
__Hspace_2               (abs)        0000
__Hspace_3               (abs)        0000
__Hspace_4               (abs)        400F
__Hstack                 stack        0000
__Hstrings               strings      0000
__Htext                  text         0000
__L__absolute__          __absolute__ 0000
__Labs1                  abs1         0000
__Lbank0                 bank0        0000
__Lbank1                 bank1        0000
__Lbank2                 bank2        0000
__Lbank3                 bank3        0000
__LbssCOMMON             bssCOMMON    0000
__Lcinit                 cinit        000B
__Lclrtext               clrtext      0000
__Lcode                  code         0000
__Lcommon                common       0000
__Lconfig                config       0000
__LcstackCOMMON          cstackCOMMON 0000
__LdataCOMMON            dataCOMMON   0000
__Leeprom_data           eeprom_data  0000
__Lend_init              end_init     000A
__Lfunctab               functab      0000
__Lheap                  heap         0000
__LidataCOMMON           idataCOMMON  0000
__Linit                  init         000A
__Lintentry              intentry     0004
__Lmaintext              maintext     0000
__Lpowerup               powerup      0000
__Lram                   ram          0000
__Lreset_vec             reset_vec    0000
__Lsfr0                  sfr0         0000
__Lsfr1                  sfr1         0000
__Lsfr2                  sfr2         0000
__Lsfr3                  sfr3         0000
__Lsivt                  sivt         000A
__Lspace_0               (abs)        0000
__Lspace_1               (abs)        0000
__Lspace_2               (abs)        0000
__Lspace_3               (abs)        0000
__Lspace_4               (abs)        0000
__Lstack                 stack        0000
__Lstrings               strings      0000
__Ltext                  text         0000
__S0                     (abs)        013C
__S1                     (abs)        007E
__S3                     (abs)        0000
___heap_hi               (abs)        0000
___heap_lo               (abs)        0000
___int_sp                stack        0000
___int_stack_hi          stack        0000
___int_stack_lo          stack        0000
___latbits               (abs)        0000
___sp                    stack        0000
___stack_hi              stack        0000
___stack_lo              stack        0000
___stackhi               (abs)        0000
___stacklo               (abs)        0000
__end_of__initialization cinit        0012
__end_of_isr             text3        00B9
__end_of_main            maintext     0067
__end_of_servo_close     text2        00DA
__end_of_servo_open      text1        011B
__end_ofi1_servo_close   text5        00FB
__end_ofi1_servo_open    text4        013B
__initialization         cinit        000B
__pbssCOMMON             bssCOMMON    0078
__pcstackCOMMON          cstackCOMMON 0070
__pdataCOMMON            dataCOMMON   007D
__pidataCOMMON           idataCOMMON  013B
__pintentry              intentry     0004
__pmaintext              maintext     0014
__ptext1                 text1        00FB
__ptext2                 text2        00B9
__ptext3                 text3        0067
__ptext4                 text4        011B
__ptext5                 text5        00DA
_etat_jour               bssCOMMON    007A
_etat_relais             dataCOMMON   007D
_flag_btn                bssCOMMON    0078
_isr                     text3        0067
_main                    maintext     0014
_porte_etat              bssCOMMON    0079
_sec                     bssCOMMON    007B
_servo_close             text2        00B9
_servo_open              text1        00FB
_tmr                     bssCOMMON    007C
btemp                    (abs)        007E
btemp0                   (abs)        007E
btemp1                   (abs)        007F
end_of_initialization    cinit        0012
i1_servo_close           text5        00DA
i1_servo_open            text4        011B
i1servo_close@i          cstackCOMMON 0072
i1servo_open@i           cstackCOMMON 0072
interrupt_function       intentry     0004
intlevel0                functab      0000
intlevel1                functab      0000
intlevel2                functab      0000
intlevel3                functab      0000
intlevel4                functab      0000
intlevel5                functab      0000
ltemp0a                  (abs)        0080
reset_vec                reset_vec    0000
saved_w                  (abs)        007E
servo_close@i            cstackCOMMON 0077
servo_open@i             cstackCOMMON 0077
start                    init         000A
start_initialization     cinit        000B
ttemp0a                  (abs)        007F
wtemp0                   (abs)        007E
wtemp0a                  (abs)        007F


MODULE INFORMATION

Module		Function		Class		Link	Load	Size
shared
		i1_servo_close 		CODE           	00DA	0000	33
		__initialization		CODE           	000B	0000	7
		i1_servo_open  		CODE           	011B	0000	32

shared estimated size: 72

main.c
		_main          		CODE           	0014	0000	83
		_servo_close   		CODE           	00B9	0000	33
		_isr           		CODE           	0067	0000	82
		_servo_open    		CODE           	00FB	0000	32

main.c estimated size: 230

